// Jest Snapshot v1, https://goo.gl/fbAQLP

exports[`mock hook 1`] = `
<div
  className="task done low"
>
  <label
    className="taskContainer"
    onChange={[Function]}
  >
    <div
      className="checkboxContainer"
    >
      <input
        className="checked"
        type="checkbox"
      />
       
      hello
    </div>
    <span
      className="starContainer"
    >
      <svg
        fill="none"
        height="12"
        viewBox="0 0 12 12"
        width="12"
        xmlns="http://www.w3.org/2000/svg"
      >
        <path
          clipRule="evenodd"
          d="M5.07533 1.18248C5.41531 0.356813 6.5847 0.356818 6.92468 1.18248L8.0928 4.01933L10.7127 4.17345C11.6316 4.2275 11.9956 5.38936 11.2718 5.95804L9.09082 7.6717L9.96012 10.1347C10.2824 11.0478 9.24849 11.8401 8.4506 11.2916L6 9.6068L3.5494 11.2916C2.75151 11.8401 1.71763 11.0478 2.03989 10.1347L2.90919 7.6717L0.728173 5.95804C0.00439775 5.38936 0.3684 4.2275 1.28727 4.17345L3.90721 4.01933L5.07533 1.18248ZM6 1.56323L4.5928 4.98073L1.34599 5.17172L4.09082 7.32837L2.98288 10.4675L6 8.39327L9.01713 10.4675L7.90919 7.32837L10.654 5.17172L7.40721 4.98073L6 1.56323Z"
          fill="#f59939"
          fillRule="evenodd"
        />
      </svg>
      <div
        className="points"
      >
        15
      </div>
    </span>
  </label>
  <div
    className="optionsMenu"
  >
    <svg
      aria-hidden={true}
      className="MuiSvgIcon-root MuiSvgIcon-fontSizeSmall css-ptiqhd-MuiSvgIcon-root"
      data-testid="MoreVertIcon"
      focusable="false"
      onClick={[Function]}
      viewBox="0 0 24 24"
    >
      <path
        d="M12 8c1.1 0 2-.9 2-2s-.9-2-2-2-2 .9-2 2 .9 2 2 2zm0 2c-1.1 0-2 .9-2 2s.9 2 2 2 2-.9 2-2-.9-2-2-2zm0 6c-1.1 0-2 .9-2 2s.9 2 2 2 2-.9 2-2-.9-2-2-2z"
      />
    </svg>
  </div>
</div>
`;
